[    1056ms] [WARNING] Livewire: The published Livewire assets are out of date
 See: https://livewire.laravel.com/docs/installation#publishing-livewires-frontend-assets @ http://flexcon-tracker.test:8088/admin/shipping-queue:1281
[   17635ms] [WARNING] Alpine Expression Error: Unexpected token '}'

Expression: "$wire."

 JSHandle@node @ http://flexcon-tracker.test:8088/vendor/livewire/livewire.js?id=646f9d24:1132
[   17642ms] SyntaxError: Unexpected token '}'
    at new AsyncFunction (<anonymous>)
    at safeAsyncFunction (http://flexcon-tracker.test:8088/vendor/livewire/livewire.js?id=646f9d24:1184:21)
    at generateFunctionFromString (http://flexcon-tracker.test:8088/vendor/livewire/livewire.js?id=646f9d24:1194:16)
    at generateEvaluatorFromString (http://flexcon-tracker.test:8088/vendor/livewire/livewire.js?id=646f9d24:1199:16)
    at normalEvaluator (http://flexcon-tracker.test:8088/vendor/livewire/livewire.js?id=646f9d24:1164:111)
    at evaluateLater (http://flexcon-tracker.test:8088/vendor/livewire/livewire.js?id=646f9d24:1154:12)
    at Object.evaluate (http://flexcon-tracker.test:8088/vendor/livewire/livewire.js?id=646f9d24:1150:5)
    at http://flexcon-tracker.test:8088/vendor/livewire/livewire.js?id=646f9d24:9707:28
    at callAndClearComponentDebounces (http://flexcon-tracker.test:8088/vendor/livewire/livewire.js?id=646f9d24:9690:5)
    at execute (http://flexcon-tracker.test:8088/vendor/livewire/livewire.js?id=646f9d24:9706:11)
[   24636ms] [WARNING] Alpine Expression Error: $cleanup is not defined

Expression: "
                document.body.style.overflow = 'hidden';
                $cleanup(() => { document.body.style.overflow = ''; });
            "

 JSHandle@node @ http://flexcon-tracker.test:8088/vendor/livewire/livewire.js?id=646f9d24:1132
[   24640ms] ReferenceError: $cleanup is not defined
    at [Alpine] 
                document.body.style.overflow = 'hidden';
                $cleanup(() => { document.body.style.overflow = ''; });
             (eval at safeAsyncFunction (http://flexcon-tracker.test:8088/vendor/livewire/livewire.js?id=646f9d24:1184:21), <anonymous>:5:17)
    at http://flexcon-tracker.test:8088/vendor/livewire/livewire.js?id=646f9d24:1206:28
    at tryCatch (http://flexcon-tracker.test:8088/vendor/livewire/livewire.js?id=646f9d24:1119:14)
    at evaluate (http://flexcon-tracker.test:8088/vendor/livewire/livewire.js?id=646f9d24:1150:34)
    at http://flexcon-tracker.test:8088/vendor/livewire/livewire.js?id=646f9d24:3500:37
    at Function.<anonymous> (http://flexcon-tracker.test:8088/vendor/livewire/livewire.js?id=646f9d24:1919:58)
    at flushHandlers (http://flexcon-tracker.test:8088/vendor/livewire/livewire.js?id=646f9d24:1291:48)
    at stopDeferring (http://flexcon-tracker.test:8088/vendor/livewire/livewire.js?id=646f9d24:1296:7)
    at deferHandlingDirectives (http://flexcon-tracker.test:8088/vendor/livewire/livewire.js?id=646f9d24:1299:5)
    at initTree (http://flexcon-tracker.test:8088/vendor/livewire/livewire.js?id=646f9d24:1489:5)
